MPLINK 4.38, Linker
Linker Map File - Created Wed Apr 20 22:58:17 2011

                                 Section Info
                  Section       Type    Address   Location Size(Bytes)
                ---------  ---------  ---------  ---------  ---------
                   .org_0       code   0x000000    program   0x000040
                   .cinit    romdata   0x000020    program   0x000004
    .config_2007_SOURCE.O       code   0x002007    program   0x000002



                              Program Memory Usage 
                               Start         End      
                           ---------   ---------      
                            0x000000    0x000021      
                            0x002007    0x002007      
            35 out of 1158 program addresses used, program memory utilization is 3%



                              Symbols - Sorted by Name
                     Name    Address   Location    Storage File                     
                ---------  ---------  ---------  --------- ---------                
                    delay   0x00001d    program     static F:\Documents\NITT\SEM 6\Microprocessors and Microcontrollers Lab\Mini Project - Electronic Dice\MPLAB Project Files\source.asm
                   repeat   0x00000a    program     static F:\Documents\NITT\SEM 6\Microprocessors and Microcontrollers Lab\Mini Project - Electronic Dice\MPLAB Project Files\source.asm
                    start   0x000000    program     static F:\Documents\NITT\SEM 6\Microprocessors and Microcontrollers Lab\Mini Project - Electronic Dice\MPLAB Project Files\source.asm



                              Symbols - Sorted by Address
                     Name    Address   Location    Storage File                     
                ---------  ---------  ---------  --------- ---------                
                    start   0x000000    program     static F:\Documents\NITT\SEM 6\Microprocessors and Microcontrollers Lab\Mini Project - Electronic Dice\MPLAB Project Files\source.asm
                   repeat   0x00000a    program     static F:\Documents\NITT\SEM 6\Microprocessors and Microcontrollers Lab\Mini Project - Electronic Dice\MPLAB Project Files\source.asm
                    delay   0x00001d    program     static F:\Documents\NITT\SEM 6\Microprocessors and Microcontrollers Lab\Mini Project - Electronic Dice\MPLAB Project Files\source.asm


